!!!VALUE-MISSING: NOT_DEFINED_1!!! !!!VALUE-MISSING: NOT_DEFINED_2!!!

!!!VALUE-MISSING: NOT_DEFINED_3!!!
